[sites.udel.edu/arden-map/index.html]
[backblue.gif]
[fade.gif]
[index.html]
[sites.udel.edu/arden-map/xmlrpc.php]
[sites.udel.edu/arden-map/wp-content/themes/attorney/style4a41.css]
[sites.udel.edu/arden-map/wp-content/mu-plugins/subscribe-by-email/assets/css/widget49f8.css]
[sites.udel.edu/arden-map/wp-content/plugins/wp-featherlight/css/wp-featherlight.min771e.css]
[sites.udel.edu/arden-map/feed/index.html]
[sites.udel.edu/arden-map/wp-includes/js/jquery/jqueryb8ff.js]
[sites.udel.edu/arden-map/wp-includes/js/jquery/jquery-migrate.min330a.js]
[sites.udel.edu/arden-map/comments/feed/index.html]
[sites.udel.edu/arden-map/wp-content/themes/attorney/library/js/modernizr-2.6.2.min61da.js]
[sites.udel.edu/arden-map/wp-content/themes/attorney/library/js/jquery.cycle2.min7508.js]
[sites.udel.edu/arden-map/wp-content/themes/attorney/library/js/jquery.cycle2.tile.min6679.js]
[sites.udel.edu/arden-map/wp-content/themes/attorney/library/js/jquery.cycle2.scrollVert.min6679.js]
[sites.udel.edu/arden-map/sample-page/feed/index.html]
[sites.udel.edu/arden-map/wp-content/themes/attorney/library/js/scripts8a54.js]
[sites.udel.edu/arden-map/wp-json/index.html]
[sites.udel.edu/arden-map/xmlrpc.b0db0.delayed]
[sites.udel.edu/arden-map/wp-content/mu-plugins/lean-captcha/js/howler.min2803.js]
[sites.udel.edu/arden-map/wp-content/mu-plugins/lean-captcha/js/lean-captcha5685.js]
[sites.udel.edu/arden-map/about-the-ardens/index.html]
[sites.udel.edu/arden-map/wp-content/plugins/wp-featherlight/js/wpFeatherlight.pkgd.min771e.js]
[sites.udel.edu/arden-map/wp-includes/js/wp-embed.min4a41.js]
[sites.udel.edu/arden-map/index.html]
[sites.udel.edu/arden-map/about-the-ardens/early-arden/index.html]
[sites.udel.edu/arden-map/xmlrpc.html]
[sites.udel.edu/arden-map/about-the-ardens/georgism-geoism-or-single-tax-theory-the-origins-of-arden/index.html]
[sites.udel.edu/arden-map/about-the-ardens/arden-expands/index.html]
[sites.udel.edu/arden-map/wp-content/themes/attorney/library/images/icon-fb.png]
[sites.udel.edu/arden-map/architecture-in-the-ardens/index.html]
[sites.udel.edu/arden-map/wp-content/themes/attorney/library/images/icon-tw.png]
[sites.udel.edu/arden-map/architecture-in-the-ardens/william-morris-and-the-arts-and-crafts-movement/index.html]
[sites.udel.edu/arden-map/wp-content/themes/attorney/library/images/icon-gp.png]
[sites.udel.edu/arden-map/wp-content/themes/attorney/library/images/icon-pi.png]
[sites.udel.edu/arden-map/wp-content/themes/attorney/library/images/icon-li.png]
[sites.udel.edu/arden-map/wp-content/themes/attorney/library/images/icon-yt.png]
[sites.udel.edu/arden-map/wp-content/themes/attorney/library/images/icon-tu.png]
[sites.udel.edu/arden-map/architecture-in-the-ardens/architectural-phases-and-ardens-development/index.html]
[sites.udel.edu/arden-map/wp-content/themes/attorney/library/images/icon-in.png]
[sites.udel.edu/arden-map/wp-content/themes/attorney/library/images/icon-fl.png]
[sites.udel.edu/arden-map/wp-content/themes/attorney/library/images/icon-vi.png]
[sites.udel.edu/arden-map/wp-content/themes/attorney/library/images/icon-ye.png]
[sites.udel.edu/arden-map/wp-content/themes/attorney/library/images/icon-rss.png]
[sites.udel.edu/arden-map/architecture-in-the-ardens/the-value-of-simplicity/index.html]
[sites.udel.edu/arden-map/wp-content/themes/attorney/library/images/icon-email.png]
[sites.udel.edu/arden-map/wp-content/themes/attorney/library/images/icon-search-w.png]
[sites.udel.edu/arden-map/wp-content/themes/attorney/library/images/icon-comment.png]
[sites.udel.edu/arden-map/wp-content/themes/attorney/library/images/arrow-right.png]
[sites.udel.edu/arden-map/wp-content/themes/attorney/library/images/arrow-left.png]
[sites.udel.edu/arden-map/wp-content/themes/attorney/library/images/arrow-down.png]
[sites.udel.edu/arden-map/architecture-in-the-ardens/architecture-and-social-relationships/index.html]
[sites.udel.edu/arden-map/wp-content/themes/attorney/library/images/loading.gif]
[sites.udel.edu/arden-map/wp-content/themes/attorney/library/images/trans.png]
[sites.udel.edu/arden-map/wp-content/themes/attorney/style4a41.css]
[sites.udel.edu/arden-map/wp-content/mu-plugins/subscribe-by-email/assets/css/widget49f8.css]
[sites.udel.edu/arden-map/wp-content/plugins/wp-featherlight/css/wp-featherlight.min771e.css]
[sites.udel.edu/arden-map/wp-includes/js/jquery/jqueryb8ff.js]
[sites.udel.edu/arden-map/wp-includes/js/jquery/jquery-migrate.min330a.js]
[sites.udel.edu/arden-map/architecture-in-the-ardens/architecture-as-communication/index.html]
[sites.udel.edu/arden-map/wp-content/themes/attorney/library/js/modernizr-2.6.2.min61da.js]
[sites.udel.edu/arden-map/wp-content/themes/attorney/library/js/jquery.cycle2.min7508.js]
[sites.udel.edu/arden-map/wp-content/themes/attorney/library/js/jquery.cycle2.tile.min6679.js]
[sites.udel.edu/arden-map/wp-content/themes/attorney/library/js/jquery.cycle2.scrollVert.min6679.js]
[sites.udel.edu/arden-map/wp-content/themes/attorney/library/js/scripts8a54.js]
[sites.udel.edu/arden-map/the-camps-cottages-and-castles/index.html]
[sites.udel.edu/arden-map/architecture-in-the-ardens/designing-nature-into-the-ardens/index.html]
[sites.udel.edu/arden-map/architecture-in-the-ardens/the-embrace-of-whimsy-and-fantasy/index.html]
[sites.udel.edu/arden-map/xmlrpc0db0.html]
[sites.udel.edu/arden-map/wp-includes/wlwmanifest.xml]
[sites.udel.edu/arden-map/files/2017/09/William_Morris_Red_Poppies_Mouse_Pad_Rounded_Edges_1024x1024-1236lff.png]
[sites.udel.edu/arden-map/wp-json/oembed/1.0/embed31c4.json]
[sites.udel.edu/arden-map/files/2017/09/henrygeorge_whowashe2-107oyl9.jpg]
[sites.udel.edu/arden-map/files/2017/09/foundersinfront-of-house-2mevg81.jpg]
[sites.udel.edu/arden-map/files/2017/09/00594_web_1-1nb6iso.jpg]
[sites.udel.edu/arden-map/about-the-ardens/index.html]
[sites.udel.edu/arden-map/wp-json/oembed/1.0/embedaec1.json]
[sites.udel.edu/arden-map/wp-json/oembed/1.0/embed1fc0]
[sites.udel.edu/arden-map/files/2017/09/412px-Henry_George_c1885-2i31khs-206x300.jpg]
[sites.udel.edu/arden-map/files/2017/10/doverjail-1p41mue.jpg]
[sites.udel.edu/arden-map/about-the-ardens/georgism-geoism-or-single-tax-theory-the-origins-of-arden/index.html]
[sites.udel.edu/arden-map/wp-json/oembed/1.0/embedba38.json]
[sites.udel.edu/arden-map/wp-json/oembed/1.0/embedc690]
[sites.udel.edu/arden-map/files/2017/10/frankand-eleanor-yokx9f.jpg]
[sites.udel.edu/arden-map/about-the-ardens/early-arden/index.html]
[sites.udel.edu/arden-map/wp-json/oembed/1.0/embed903b.json]
[sites.udel.edu/arden-map/about-the-ardens/arden-expands/index.html]
[sites.udel.edu/arden-map/wp-json/oembed/1.0/embed51f8]
[sites.udel.edu/arden-map/wp-json/oembed/1.0/embed189b.json]
[sites.udel.edu/arden-map/wp-json/oembed/1.0/embedf970]
[sites.udel.edu/arden-map/files/2017/09/Original-Homestead-1900-2fqecnu-300x207.jpg]
[sites.udel.edu/arden-map/files/2017/09/Founders-House-1910-ryizmg.jpg]
[sites.udel.edu/arden-map/files/2017/09/Founders-House-1910-ryizmg-300x231.jpg]
[sites.udel.edu/arden-map/files/2017/09/Bide-A-Wee-2kz5o40.jpg]
[sites.udel.edu/arden-map/files/2017/09/pageant-1911-xxlljm.jpg]
[sites.udel.edu/arden-map/architecture-in-the-ardens/index.html]
[sites.udel.edu/arden-map/wp-json/oembed/1.0/embed0393.json]
[sites.udel.edu/arden-map/wp-json/oembed/1.0/embed2e76]
[sites.udel.edu/arden-map/files/2017/10/fels-cottage-harvey-orleans-rds-1909-1ze7zha.jpg]
[sites.udel.edu/arden-map/files/2017/10/Robin-Hood-Theatre-1940s-15oqqwa.jpg]
[sites.udel.edu/arden-map/files/2017/10/ardencroft-ian-milne-1930-qhxrf3.jpg]
[sites.udel.edu/arden-map/architecture-in-the-ardens/architectural-phases-and-ardens-development/index.html]
[sites.udel.edu/arden-map/wp-json/oembed/1.0/embedce69.json]
[sites.udel.edu/arden-map/architecture-in-the-ardens/william-morris-and-the-arts-and-crafts-movement/index.html]
[sites.udel.edu/arden-map/wp-json/oembed/1.0/embed15bd]
[sites.udel.edu/arden-map/architecture-in-the-ardens/the-value-of-simplicity/index.html]
[sites.udel.edu/arden-map/wp-json/oembed/1.0/embed72f0]
[sites.udel.edu/arden-map/wp-json/oembed/1.0/embed7ad0.json]
[sites.udel.edu/arden-map/architecture-in-the-ardens/architecture-and-social-relationships/index.html]
[sites.udel.edu/arden-map/wp-json/oembed/1.0/embed438e]
[sites.udel.edu/arden-map/wp-json/oembed/1.0/embed5c1b.json]
[sites.udel.edu/arden-map/architecture-in-the-ardens/designing-nature-into-the-ardens/index.html]
[sites.udel.edu/arden-map/wp-json/oembed/1.0/embedc86f]
[sites.udel.edu/arden-map/wp-json/oembed/1.0/embed9331.json]
[sites.udel.edu/arden-map/wp-json/oembed/1.0/embedbdbe]
[sites.udel.edu/arden-map/files/2017/10/animals-cat-funny-green-Favim.com-2657064-yevcwp.jpg]
[sites.udel.edu/arden-map/files/2017/10/animals-cat-funny-green-Favim.com-2657064-yevcwp-300x169.jpg]
[sites.udel.edu/arden-map/architecture-in-the-ardens/the-embrace-of-whimsy-and-fantasy/index.html]
[sites.udel.edu/arden-map/wp-json/oembed/1.0/embed5350.json]
[sites.udel.edu/arden-map/architecture-in-the-ardens/architecture-as-communication/index.html]
[sites.udel.edu/arden-map/wp-json/oembed/1.0/embedf309]
[sites.udel.edu/arden-map/leaflet-test-map/index.html]
[sites.udel.edu/arden-map/wp-json/oembed/1.0/embedfcac.json]
[sites.udel.edu/arden-map/wp-json/oembed/1.0/embed9437]
[sites.udel.edu/arden-map/files/2017/09/Arden-Inn-y4lueg.jpg]
[sites.udel.edu/arden-map/files/2017/09/Buzz-Ware-1s2gqz8.jpg]
[sites.udel.edu/arden-map/files/2017/09/Arden-School-halloween-maybe-early-mid-20th-2jn9uvo.jpg]
[sites.udel.edu/arden-map/files/2017/09/Admiral-Benbow-1e8dwdf.jpg]
[sites.udel.edu/arden-map/files/2017/09/Brambles-1930s-1dpjx4m.jpg]
[sites.udel.edu/arden-map/files/2017/09/Cooler-1914-1udd5vr.jpg]
[sites.udel.edu/arden-map/files/2017/09/Craft-Shop-Red-House-18uq0xu.jpg]
[sites.udel.edu/arden-map/files/2017/09/Founders-House-1910-2-1duhsvb.jpg]
[sites.udel.edu/arden-map/files/2017/09/Founders-House-tomorrow-is-a-new-day-ux5cji.jpg]
[sites.udel.edu/arden-map/files/2017/09/Friendly-Gables-1921-1gvq8b4.jpg]
[sites.udel.edu/arden-map/files/2017/09/Green-Gate-mural-107zx4y.jpg]
[sites.udel.edu/arden-map/files/2017/09/Green-Gate-mural-2-24m3wuz.jpg]
[sites.udel.edu/arden-map/files/2017/09/Gild-Hall-2-236afpt.jpg]
[sites.udel.edu/arden-map/files/2017/09/00421_web_1-1z77dlh.jpg]
[sites.udel.edu/arden-map/files/2017/09/00420_web_1-1hkyxsu.jpg]
[sites.udel.edu/arden-map/files/2017/09/00431_web_1-15w0na4.jpg]
[sites.udel.edu/arden-map/files/2017/09/00433_web_1-1h3rd9e.jpg]
[sites.udel.edu/arden-map/files/2017/09/00434_web_1-1a3ql03.jpg]
[sites.udel.edu/arden-map/files/2017/09/00439_web_1-1qmjkcp.jpg]
[sites.udel.edu/arden-map/files/2017/09/00698_web_1-29lqji8.jpg]
[sites.udel.edu/arden-map/files/2017/09/00460_web_1-1gr8egc.jpg]
[sites.udel.edu/arden-map/files/2017/09/00461_web_1-1ywz9id.jpg]
[sites.udel.edu/arden-map/files/2017/09/00456_web_1-2mlxp5d.jpg]
[sites.udel.edu/arden-map/files/2017/09/00459_web_1-1i21yla.jpg]
[sites.udel.edu/arden-map/files/2017/09/00492_web_1-1assl1a.jpg]
[sites.udel.edu/arden-map/files/2017/09/00493_web_1-1sp69ru.jpg]
[sites.udel.edu/arden-map/files/2017/09/00491_web_1-2cmxjsg.jpg]
[sites.udel.edu/arden-map/files/2017/09/00496_web_1-2ngat3s.jpg]
[sites.udel.edu/arden-map/files/2017/09/00496_web_1-2ngat3s-300x190.jpg]
[sites.udel.edu/arden-map/files/2017/09/00497_web_1-16kwpdb-300x215.jpg]
[sites.udel.edu/arden-map/files/2017/09/00596_web_1-yswvkz.jpg]
[sites.udel.edu/arden-map/files/2017/09/00596_web_1-yswvkz-300x227.jpg]
[sites.udel.edu/arden-map/files/2017/09/00117_web_1-z4hpu8.jpg]
[sites.udel.edu/arden-map/files/2017/09/00553_web_1-1db8yb3.jpg]
[sites.udel.edu/arden-map/files/2017/09/00118_web_1-23sskn5.jpg]
[sites.udel.edu/arden-map/files/2017/09/00568_web_1-pw3c0k.jpg]
[sites.udel.edu/arden-map/files/2017/09/00567_web_1-1t2336d-218x300.jpg]
[sites.udel.edu/arden-map/files/2017/09/00438_web_1-18guhsc.jpg]
[sites.udel.edu/arden-map/files/2017/09/01922_web_1-2gm0872.jpg]
[sites.udel.edu/arden-map/files/2017/09/00570_web_1-ye38rm.jpg]
[sites.udel.edu/arden-map/files/2017/09/00653_web_1-2hwh3de.jpg]
[sites.udel.edu/arden-map/files/2017/09/00874_web_1-2cb8l0o.jpg]
[sites.udel.edu/arden-map/files/2017/09/00598_web_1-1kkn6tj.jpg]
[sites.udel.edu/arden-map/files/2017/09/00636_web_1-1l95ute.jpg]
[sites.udel.edu/arden-map/files/2017/09/00635_web_1-2iv51mq.jpg]
[sites.udel.edu/arden-map/files/2017/09/00641_web_1-1-2b812se.jpg]
[sites.udel.edu/arden-map/files/2017/09/00637_web_1-23fowg7.jpg]
[sites.udel.edu/arden-map/files/2017/09/00639_web_1-2h6u7zl.jpg]
[sites.udel.edu/arden-map/the-camps-cottages-and-castles/index.html]
[sites.udel.edu/arden-map/GET.b7.delayed]
[sites.udel.edu/arden-map/wp-content/mu-plugins/lean-captcha/js/howler.min2803.js]
[sites.udel.edu/arden-map/wp-content/mu-plugins/lean-captcha/js/lean-captcha5685.js]
[sites.udel.edu/arden-map/wp-content/plugins/wp-featherlight/js/wpFeatherlight.pkgd.min771e.js]
[sites.udel.edu/arden-map/wp-includes/js/wp-embed.min4a41.js]
[sites.udel.edu/arden-map/wp-json/oembed/1.0/embedd111]
[sites.udel.edu/arden-map/index106b.html]
[sites.udel.edu/arden-map/indexccf0.html]
[sites.udel.edu/arden-map/index3239.html]
[sites.udel.edu/arden-map/index3b2d.html]
[sites.udel.edu/arden-map/files/2017/10/00898_web_1-145a682.jpg]
[sites.udel.edu/arden-map/files/2017/09/Original-Homestead-1900-2fqecnu.jpg]
[sites.udel.edu/arden-map/files/2017/09/Arden-Paths-198v9v0.jpg]
[sites.udel.edu/arden-map/index12e9.html]
[sites.udel.edu/arden-map/files/2017/10/tent-1915-1t6fpw2.jpg]
[sites.udel.edu/arden-map/index2cc4.html]
[sites.udel.edu/arden-map/index76da.html]
[sites.udel.edu/arden-map/wp-json/oembed/1.0/embedd08c]
[sites.udel.edu/arden-map/index2f19.html]
[sites.udel.edu/arden-map/indexc0cd.html]
[sites.udel.edu/arden-map/indexea3e.html]
[sites.udel.edu/arden-map/indexdd92.html]
[sites.udel.edu/arden-map/wp-json/oembed/1.0/embedcb65.json]
[sites.udel.edu/arden-map/wp-json/oembed/1.0/embedfcf7]
[sites.udel.edu/arden-map/wp-json/oembed/1.0/embed25f5]
[sites.udel.edu/arden-map/leaflet-test-map/index.html]
[sites.udel.edu/arden-map/index89d2.html]
[sites.udel.edu/arden-map/files/2017/09/Arden-School-Buzz-Ware-early-mid-20th-2ifvnry.jpg]
[sites.udel.edu/arden-map/files/2017/09/Brambles-1906-1p5pma1.jpg]
[sites.udel.edu/arden-map/files/2017/09/Craft-Shop-Red-House-1916-20pib2u.jpg]
[sites.udel.edu/arden-map/files/2017/09/Founders-House-1910-1920s-ullg1g.jpg]
[sites.udel.edu/arden-map/files/2017/09/Friendly-Gables-1909-vvzrcl.jpg]
[sites.udel.edu/arden-map/files/2017/09/Admiral-Benbow-1900s-1920s-s25pus.jpg]
[sites.udel.edu/arden-map/files/2017/09/Gild-House-barn-1bsytgf.jpg]
[sites.udel.edu/arden-map/files/2017/09/Green-Gate-27q7vmf.jpg]
[sites.udel.edu/arden-map/files/2017/09/Gild-Hall-1920s-1930s-y2cs71.jpg]
[sites.udel.edu/arden-map/files/2017/09/00434_web_1-1a3ql03-300x186.jpg]
[sites.udel.edu/arden-map/files/2017/09/00421_web_1-1z77dlh-300x212.jpg]
[sites.udel.edu/arden-map/files/2017/09/00698_web_1-29lqji8-300x203.jpg]
[sites.udel.edu/arden-map/files/2017/09/00460_web_1-1gr8egc-300x206.jpg]
[sites.udel.edu/arden-map/files/2017/09/00433_web_1-1h3rd9e-300x213.jpg]
[sites.udel.edu/arden-map/files/2017/09/00439_web_1-1qmjkcp-300x212.jpg]
[sites.udel.edu/arden-map/files/2017/09/00456_web_1-2mlxp5d-300x213.jpg]
[sites.udel.edu/arden-map/files/2017/09/00459_web_1-1i21yla-300x187.jpg]
[sites.udel.edu/arden-map/files/2017/09/00493_web_1-1sp69ru-300x211.jpg]
[sites.udel.edu/arden-map/files/2017/09/00491_web_1-2cmxjsg-300x190.jpg]
[sites.udel.edu/arden-map/files/2017/09/00497_web_1-16kwpdb.jpg]
[sites.udel.edu/arden-map/files/2017/09/00461_web_1-1ywz9id-300x199.jpg]
[sites.udel.edu/arden-map/files/2017/09/00622_web_1-1fb6wxt-300x208.jpg]
[sites.udel.edu/arden-map/files/2017/09/00117_web_1-z4hpu8-300x188.jpg]
[sites.udel.edu/arden-map/files/2017/09/00492_web_1-1assl1a-300x211.jpg]
[sites.udel.edu/arden-map/files/2017/09/00118_web_1-23sskn5-300x193.jpg]
[sites.udel.edu/arden-map/files/2017/09/00622_web_1-1fb6wxt.jpg]
[sites.udel.edu/arden-map/files/2017/09/00567_web_1-1t2336d.jpg]
[sites.udel.edu/arden-map/files/2017/09/00553_web_1-1db8yb3-300x216.jpg]
[sites.udel.edu/arden-map/files/2017/09/00570_web_1-ye38rm-300x243.jpg]
[sites.udel.edu/arden-map/files/2017/09/00568_web_1-pw3c0k-300x209.jpg]
[sites.udel.edu/arden-map/files/2017/09/01922_web_1-2gm0872-213x300.jpg]
[sites.udel.edu/arden-map/files/2017/09/00653_web_1-2hwh3de-300x209.jpg]
[sites.udel.edu/arden-map/files/2017/09/00636_web_1-1l95ute-300x208.jpg]
[sites.udel.edu/arden-map/files/2017/09/00874_web_1-2cb8l0o-300x213.jpg]
[sites.udel.edu/arden-map/files/2017/09/00635_web_1-2iv51mq-300x187.jpg]
[sites.udel.edu/arden-map/files/2017/09/00598_web_1-1kkn6tj-300x183.jpg]
[sites.udel.edu/arden-map/files/2017/09/00641_web_1-1-2b812se-300x223.jpg]
[sites.udel.edu/arden-map/files/2017/09/00637_web_1-23fowg7-300x218.jpg]
[sites.udel.edu/arden-map/GET.html]
[sites.udel.edu/arden-map/wp-json/oembed/1.0/embedca49]
[sites.udel.edu/arden-map/index89f6.html]
[sites.udel.edu/arden-map/files/2017/09/00639_web_1-2h6u7zl-300x213.jpg]
[sites.udel.edu/arden-map/files/2017/09/castle-1o794ap.jpg]
[sites.udel.edu/arden-map/files/2017/09/Wmmorris3248-15mqp7a.jpg]
[sites.udel.edu/arden-map/indexfe6b.html]
[sites.udel.edu/arden-map/files/2017/10/arden-2ffhxz0.txt]
[sites.udel.edu/arden-map/files/2017/09/Green-Gate-1909-wc0hi7.jpg]
[sites.udel.edu/arden-map/files/2017/09/original-homestead-1908-winter-td8clc.jpg]
[sites.udel.edu/arden-map/files/2017/09/412px-Henry_George_c1885-2i31khs.jpg]
[sites.udel.edu/arden-map/files/2017/09/00420_web_1-1hkyxsu-300x209.jpg]
[sites.udel.edu/arden-map/files/2017/10/old-mill-early-20th-u3deek.jpg]
[sites.udel.edu/arden-map/files/2017/09/castle-1o794sv.jpg]
[sites.udel.edu/arden-map/files/2017/09/00431_web_1-15w0na4-300x212.jpg]
[sites.udel.edu/arden-map/files/2017/09/00438_web_1-18guhsc-300x211.jpg]
